******************************************************************************
             TMS320C2000 Linker PC v22.6.0                     
******************************************************************************
>> Linked Sun May 28 16:50:29 2023

OUTPUT FILE NAME:   <adc_ex1_soc_software.out>
ENTRY POINT SYMBOL: "code_start"  address: 00000000


MEMORY CONFIGURATION

         name            origin    length      used     unused   attr    fill
----------------------  --------  ---------  --------  --------  ----  --------
PAGE 0:
  BEGIN                 00000000   00000002  00000002  00000000  RWIX
  RAMM0                 00000123   000002dd  00000020  000002bd  RWIX
  RAMLS0                00008000   00000800  00000780  00000080  RWIX
  RAMLS1                00008800   00000800  00000000  00000800  RWIX
  RAMLS2                00009000   00000800  00000000  00000800  RWIX
  RAMLS3                00009800   00000800  00000000  00000800  RWIX
  RAMLS4                0000a000   00000800  00000000  00000800  RWIX
  RAMD0                 0000b000   00000800  00000800  00000000  RWIX
  FLASHA                00080002   00001ffe  00000000  00001ffe  RWIX
  FLASHB                00082000   00002000  00000000  00002000  RWIX
  FLASHC                00084000   00002000  00000000  00002000  RWIX
  FLASHD                00086000   00002000  00000000  00002000  RWIX
  FLASHE                00088000   00008000  00000000  00008000  RWIX
  FLASHF                00090000   00008000  00000000  00008000  RWIX
  FLASHG                00098000   00008000  00000000  00008000  RWIX
  FLASHH                000a0000   00008000  00000000  00008000  RWIX
  FLASHI                000a8000   00008000  00000000  00008000  RWIX
  FLASHJ                000b0000   00008000  00000000  00008000  RWIX
  FLASHK                000b8000   00002000  00000000  00002000  RWIX
  FLASHL                000ba000   00002000  00000000  00002000  RWIX
  FLASHM                000bc000   00002000  00000000  00002000  RWIX
  FLASHN                000be000   00001ff0  00000000  00001ff0  RWIX
  RESET                 003fffc0   00000002  00000000  00000002  RWIX

PAGE 1:
  BOOT_RSVD             00000002   00000121  00000000  00000121  RWIX
  RAMM1                 00000400   000003f8  000003f8  00000000  RWIX
  RAMLS5                0000a800   00000800  00000250  000005b0  RWIX
  RAMD1                 0000b800   00000800  00000000  00000800  RWIX
  RAMGS0                0000c000   00001000  00000000  00001000  RWIX
  RAMGS1                0000d000   00001000  00000000  00001000  RWIX
  RAMGS2                0000e000   00001000  00000000  00001000  RWIX
  RAMGS3                0000f000   00001000  00000000  00001000  RWIX
  RAMGS4                00010000   00001000  00000000  00001000  RWIX
  RAMGS5                00011000   00001000  00000000  00001000  RWIX
  RAMGS6                00012000   00001000  00000000  00001000  RWIX
  RAMGS7                00013000   00001000  00000000  00001000  RWIX
  RAMGS8                00014000   00001000  00000000  00001000  RWIX
  RAMGS9                00015000   00001000  00000000  00001000  RWIX
  RAMGS10               00016000   00001000  00000000  00001000  RWIX
  RAMGS11               00017000   00001000  00000000  00001000  RWIX
  RAMGS12               00018000   00001000  00000000  00001000  RWIX
  RAMGS13               00019000   00001000  00000000  00001000  RWIX
  RAMGS14               0001a000   00001000  00000000  00001000  RWIX
  RAMGS15               0001b000   00000ff8  00000000  00000ff8  RWIX
  CPU2TOCPU1RAM         0003f800   00000400  00000000  00000400  RWIX
  CPU1TOCPU2RAM         0003fc00   00000400  00000000  00000400  RWIX
  CANA_MSG_RAM          00049000   00000800  00000000  00000800  RWIX
  CANB_MSG_RAM          0004b000   00000800  00000000  00000800  RWIX


SECTION ALLOCATION MAP

 output                                  attributes/
section   page    origin      length       input sections
--------  ----  ----------  ----------   ----------------
codestart 
*          0    00000000    00000002     
                  00000000    00000002     F2837xD_CodeStartBranch.obj (codestart)

.cinit     0    00000128    0000001c     
                  00000128    0000000a     (.cinit..data.load) [load image, compression = lzss]
                  00000132    00000006     (__TI_handler_table)
                  00000138    00000004     (.cinit..bss.load) [load image, compression = zero_init]
                  0000013c    00000008     (__TI_cinit_table)

.reset     0    003fffc0    00000000     DSECT

.stack     1    00000400    000003f8     UNINITIALIZED
                  00000400    000003f8     --HOLE--

.bss       1    0000aa4c    00000004     UNINITIALIZED
                  0000aa4c    00000004     adc_ex1_soc_software.obj (.bss)

.init_array 
*          0    00000123    00000000     UNINITIALIZED

.const     1    0000a800    0000023c     
                  0000a800    000000c2     driverlib_eabi.lib : sysctl.obj (.const:.string)
                  0000a8c2    000000bc                        : gpio.obj (.const:.string)
                  0000a97e    0000005d                        : adc.obj (.const:.string)
                  0000a9db    00000001     --HOLE-- [fill = 0]
                  0000a9dc    00000043     adc_ex1_soc_software.obj (.const:.string)
                  0000aa1f    00000001     --HOLE-- [fill = 0]
                  0000aa20    00000013     device.obj (.const:.string)
                  0000aa33    00000001     --HOLE-- [fill = 0]
                  0000aa34    00000008     adc_ex1_soc_software.obj (.const)

.data      1    0000aa3c    00000010     UNINITIALIZED
                  0000aa3c    00000002     rts2800_fpu32_eabi.lib : _lock.c.obj (.data:_lock)
                  0000aa3e    00000002                            : _lock.c.obj (.data:_unlock)
                  0000aa40    00000006     device.obj (.data)
                  0000aa46    00000006     rts2800_fpu32_eabi.lib : exit.c.obj (.data)

.TI.ramfunc 
*          0    00000123    00000004     
                  00000123    00000004     driverlib_eabi.lib : sysctl.obj (.TI.ramfunc)

GETBUFFER 
*          0    0003f800    00000000     DSECT

GETWRITEIDX 
*          0    0003f800    00000000     DSECT

PUTREADIDX 
*          0    0003f800    00000000     DSECT

.text.1    0    00008000    00000780     
                  00008000    0000008b     rts2800_fpu32_eabi.lib : fd_div28.asm.obj (.text)
                  0000808b    0000008a     driverlib_eabi.lib : sysctl.obj (.text:SysCtl_selectXTAL)
                  00008115    00000088     rts2800_fpu32_eabi.lib : fs_div28.asm.obj (.text)
                  0000819d    00000083                            : fd_mpy28.asm.obj (.text)
                  00008220    0000006f     driverlib_eabi.lib : adc.obj (.text:ADC_setINLTrim)
                  0000828f    00000068                        : sysctl.obj (.text:SysCtl_getDeviceParametric)
                  000082f7    00000060                        : adc.obj (.text:ADC_setOffsetTrim)
                  00008357    00000051                        : sysctl.obj (.text:SysCtl_getClock)
                  000083a8    00000048                        : sysctl.obj (.text:SysCtl_selectOscSource)
                  000083f0    0000003d                        : interrupt.obj (.text:Interrupt_initModule)
                  0000842d    00000037                        : gpio.obj (.text:GPIO_setPinConfig)
                  00008464    00000037                        : gpio.obj (.text:GPIO_setQualificationMode)
                  0000849b    00000031                        : gpio.obj (.text:GPIO_setDirectionMode)
                  000084cc    0000002f                        : adc.obj (.text:ADC_setMode)
                  000084fb    0000002e     rts2800_fpu32_eabi.lib : copy_decompress_lzss.c.obj (.text:decompress:lzss)
                  00008529    0000002b                            : autoinit.c.obj (.text:__TI_auto_init_nobinit_nopinit)
                  00008554    00000029                            : exit.c.obj (.text)
                  0000857d    00000023                            : fd_tofsfpu32.asm.obj (.text)
                  000085a0    00000021     driverlib_eabi.lib : sysctl.obj (.text:CPUTimer_selectClockSource)
                  000085c1    0000001f                        : sysctl.obj (.text:CPUTimer_getTimerOverflowStatus)
                  000085e0    0000001e                        : interrupt.obj (.text:Interrupt_initVectorTable)
                  000085fe    0000001d     rts2800_fpu32_eabi.lib : memcpy.c.obj (.text)
                  0000861b    0000001b     driverlib_eabi.lib : adc.obj (.text:ADC_isBaseValid)
                  00008636    0000001a                        : sysctl.obj (.text:CPUTimer_startTimer)
                  00008650    0000001a                        : sysctl.obj (.text:SysCtl_getLowSpeedClock)
                  0000866a    00000017                        : sysctl.obj (.text:CPUTimer_isBaseValid)
                  00008681    00000017     rts2800_fpu32_eabi.lib : boot28.asm.obj (.text)
                  00008698    00000017                            : u_tofd28.asm.obj (.text)
                  000086af    00000014     driverlib_eabi.lib : sysctl.obj (.text:CPUTimer_stopTimer)
                  000086c3    00000012                        : sysctl.obj (.text:CPUTimer_clearOverflowFlag)
                  000086d5    00000012                        : sysctl.obj (.text:CPUTimer_disableInterrupt)
                  000086e7    00000011                        : sysctl.obj (.text:CPUTimer_setPeriod)
                  000086f8    0000000f                        : sysctl.obj (.text:SysCtl_pollCpuTimer)
                  00008707    0000000e                        : gpio.obj (.text:GPIO_isPinValid)
                  00008715    0000000e                        : interrupt.obj (.text:Interrupt_defaultHandler)
                  00008723    0000000d                        : interrupt.obj (.text:Interrupt_disableGlobal)
                  00008730    0000000d     rts2800_fpu32_eabi.lib : copy_zero_init.c.obj (.text:decompress:ZI:__TI_zero_init_nomemset)
                  0000873d    0000000c                            : args_main.c.obj (.text)
                  00008749    0000000b     driverlib_eabi.lib : sysctl.obj (.text:SysCtl_isMCDClockFailureDetected)
                  00008754    00000009                        : sysctl.obj (.text:SysCtl_serviceWatchdog)
                  0000875d    00000009     rts2800_fpu32_eabi.lib : _lock.c.obj (.text)
                  00008766    00000008     F2837xD_CodeStartBranch.obj (.text)
                  0000876e    00000008     rts2800_fpu32_eabi.lib : copy_decompress_none.c.obj (.text:decompress:none)
                  00008776    00000007     driverlib_eabi.lib : sysctl.obj (.text:SysCtl_resetMCD)
                  0000877d    00000002     rts2800_fpu32_eabi.lib : pre_init.c.obj (.text)
                  0000877f    00000001                            : startup.c.obj (.text)

.text.2    0    0000b000    00000800     
                  0000b000    000003fc     device.obj (.text)
                  0000b3fc    00000206     driverlib_eabi.lib : sysctl.obj (.text:SysCtl_setClock)
                  0000b602    000001c3     adc_ex1_soc_software.obj (.text)
                  0000b7c5    00000037     driverlib_eabi.lib : gpio.obj (.text:GPIO_setControllerCore)
                  0000b7fc    00000002                        : interrupt.obj (.text:Interrupt_illegalOperationHandler)
                  0000b7fe    00000002                        : interrupt.obj (.text:Interrupt_nmiHandler)

MODULE SUMMARY

       Module                        code   ro data   rw data
       ------                        ----   -------   -------
    .\
       adc_ex1_soc_software.obj      451    75        4      
    +--+-----------------------------+------+---------+---------+
       Total:                        451    75        4      
                                                             
    .\device\
       device.obj                    1020   19        6      
       F2837xD_CodeStartBranch.obj   10     0         0      
    +--+-----------------------------+------+---------+---------+
       Total:                        1030   19        6      
                                                             
    C:\ti\c2000\C2000Ware_4_03_00_00\driverlib\f2837xd\driverlib\ccs\Debug\driverlib_eabi.lib
       sysctl.obj                    1171   194       0      
       gpio.obj                      228    188       0      
       adc.obj                       281    93        0      
       interrupt.obj                 122    0         0      
    +--+-----------------------------+------+---------+---------+
       Total:                        1802   475       0      
                                                             
    C:\ti\ccs1230\ccs\tools\compiler\ti-cgt-c2000_22.6.0.LTS\lib\rts2800_fpu32_eabi.lib
       fd_div28.asm.obj              139    0         0      
       fs_div28.asm.obj              136    0         0      
       fd_mpy28.asm.obj              131    0         0      
       exit.c.obj                    41     0         6      
       copy_decompress_lzss.c.obj    46     0         0      
       autoinit.c.obj                43     0         0      
       fd_tofsfpu32.asm.obj          35     0         0      
       memcpy.c.obj                  29     0         0      
       boot28.asm.obj                23     0         0      
       u_tofd28.asm.obj              23     0         0      
       _lock.c.obj                   9      0         4      
       copy_zero_init.c.obj          13     0         0      
       args_main.c.obj               12     0         0      
       copy_decompress_none.c.obj    8      0         0      
       pre_init.c.obj                2      0         0      
       startup.c.obj                 1      0         0      
    +--+-----------------------------+------+---------+---------+
       Total:                        691    0         10     
                                                             
       Stack:                        0      0         1016   
       Linker Generated:             0      28        0      
    +--+-----------------------------+------+---------+---------+
       Grand Total:                  3974   597       1036   


LINKER GENERATED COPY TABLES

__TI_cinit_table @ 0000013c records: 2, size/record: 4, table size: 8
	.data: load addr=00000128, load size=0000000a bytes, run addr=0000aa3c, run size=00000010 bytes, compression=lzss
	.bss: load addr=00000138, load size=00000004 bytes, run addr=0000aa4c, run size=00000004 bytes, compression=zero_init


LINKER GENERATED HANDLER TABLE

__TI_handler_table @ 00000132 records: 3, size/record: 2, table size: 6
	index: 0, handler: __TI_zero_init
	index: 1, handler: __TI_decompress_lzss
	index: 2, handler: __TI_decompress_none


GLOBAL DATA SYMBOLS: SORTED BY DATA PAGE

address     data page           name
--------    ----------------    ----
00000400      10 (00000400)     __stack

0000aa3c     2a8 (0000aa00)     _lock
0000aa3e     2a8 (0000aa00)     _unlock

0000aa40     2a9 (0000aa40)     Example_Result
0000aa42     2a9 (0000aa40)     Example_PassCount
0000aa44     2a9 (0000aa40)     Example_Fail
0000aa46     2a9 (0000aa40)     __TI_enable_exit_profile_output
0000aa48     2a9 (0000aa40)     __TI_cleanup_ptr
0000aa4a     2a9 (0000aa40)     __TI_dtors_ptr
0000aa4c     2a9 (0000aa40)     adcAResult0
0000aa4d     2a9 (0000aa40)     adcAResult1
0000aa4e     2a9 (0000aa40)     adcDResult0
0000aa4f     2a9 (0000aa40)     adcDResult1


GLOBAL SYMBOLS: SORTED ALPHABETICALLY BY Name 

page  address   name                                     
----  -------   ----                                     
0     00008220  ADC_setINLTrim                           
0     000084cc  ADC_setMode                              
0     000082f7  ADC_setOffsetTrim                        
0     00008554  C$$EXIT                                  
0     0000b270  Device_bootCPU2                          
0     0000b23f  Device_configureTMXAnalogTrim            
0     0000b0ed  Device_enableAllPeripherals              
0     0000b229  Device_enableUnbondedGPIOPullups         
0     0000b20c  Device_enableUnbondedGPIOPullupsFor100Pin
0     0000b1f9  Device_enableUnbondedGPIOPullupsFor176Pin
0     0000b0ab  Device_init                              
0     0000b1d8  Device_initGPIO                          
1     0000aa44  Example_Fail                             
1     0000aa42  Example_PassCount                        
1     0000aa40  Example_Result                           
0     0000b3fb  Example_done                             
0     0000b3f6  Example_setResultFail                    
0     0000b3f1  Example_setResultPass                    
0     0000b7c5  GPIO_setControllerCore                   
0     0000849b  GPIO_setDirectionMode                    
0     0000842d  GPIO_setPinConfig                        
0     00008464  GPIO_setQualificationMode                
0     000083f0  Interrupt_initModule                     
0     000085e0  Interrupt_initVectorTable                
0     00000123  SysCtl_delay                             
0     00008357  SysCtl_getClock                          
0     0000828f  SysCtl_getDeviceParametric               
0     00008650  SysCtl_getLowSpeedClock                  
0     000083a8  SysCtl_selectOscSource                   
0     0000808b  SysCtl_selectXTAL                        
0     0000b3fc  SysCtl_setClock                          
0     0000013c  __TI_CINIT_Base                          
0     00000144  __TI_CINIT_Limit                         
0     00000144  __TI_CINIT_Warm                          
0     00000132  __TI_Handler_Table_Base                  
0     00000138  __TI_Handler_Table_Limit                 
1     000007f8  __TI_STACK_END                           
abs   000003f8  __TI_STACK_SIZE                          
0     00008529  __TI_auto_init_nobinit_nopinit           
1     0000aa48  __TI_cleanup_ptr                         
0     000084fb  __TI_decompress_lzss                     
0     0000876e  __TI_decompress_none                     
1     0000aa4a  __TI_dtors_ptr                           
1     0000aa46  __TI_enable_exit_profile_output          
abs   ffffffff  __TI_pprof_out_hndl                      
abs   ffffffff  __TI_prof_data_size                      
abs   ffffffff  __TI_prof_data_start                     
0     00008730  __TI_zero_init_nomemset                  
0     00008000  __c28xabi_divd                           
0     00008115  __c28xabi_divf                           
0     0000857d  __c28xabi_dtof                           
0     0000819d  __c28xabi_mpyd                           
0     00008698  __c28xabi_utod                           
n/a   UNDEFED   __c_args__                               
0     0000b3ea  __error__                                
1     00000400  __stack                                  
0     0000873d  _args_main                               
0     00008681  _c_int00                                 
1     0000aa3c  _lock                                    
0     00008765  _nop                                     
0     00008761  _register_lock                           
0     0000875d  _register_unlock                         
0     0000877f  _system_post_cinit                       
0     0000877d  _system_pre_init                         
1     0000aa3e  _unlock                                  
0     00008554  abort                                    
1     0000aa4c  adcAResult0                              
1     0000aa4d  adcAResult1                              
1     0000aa4e  adcDResult0                              
1     0000aa4f  adcDResult1                              
0     00000000  code_start                               
0     00008556  exit                                     
0     0000b7a9  initADCSOCs                              
0     0000b78f  initADCs                                 
0     0000b744  main                                     
0     000085fe  memcpy                                   


GLOBAL SYMBOLS: SORTED BY Symbol Address 

page  address   name                                     
----  -------   ----                                     
0     00000000  code_start                               
0     00000123  SysCtl_delay                             
0     00000132  __TI_Handler_Table_Base                  
0     00000138  __TI_Handler_Table_Limit                 
0     0000013c  __TI_CINIT_Base                          
0     00000144  __TI_CINIT_Limit                         
0     00000144  __TI_CINIT_Warm                          
0     00008000  __c28xabi_divd                           
0     0000808b  SysCtl_selectXTAL                        
0     00008115  __c28xabi_divf                           
0     0000819d  __c28xabi_mpyd                           
0     00008220  ADC_setINLTrim                           
0     0000828f  SysCtl_getDeviceParametric               
0     000082f7  ADC_setOffsetTrim                        
0     00008357  SysCtl_getClock                          
0     000083a8  SysCtl_selectOscSource                   
0     000083f0  Interrupt_initModule                     
0     0000842d  GPIO_setPinConfig                        
0     00008464  GPIO_setQualificationMode                
0     0000849b  GPIO_setDirectionMode                    
0     000084cc  ADC_setMode                              
0     000084fb  __TI_decompress_lzss                     
0     00008529  __TI_auto_init_nobinit_nopinit           
0     00008554  C$$EXIT                                  
0     00008554  abort                                    
0     00008556  exit                                     
0     0000857d  __c28xabi_dtof                           
0     000085e0  Interrupt_initVectorTable                
0     000085fe  memcpy                                   
0     00008650  SysCtl_getLowSpeedClock                  
0     00008681  _c_int00                                 
0     00008698  __c28xabi_utod                           
0     00008730  __TI_zero_init_nomemset                  
0     0000873d  _args_main                               
0     0000875d  _register_unlock                         
0     00008761  _register_lock                           
0     00008765  _nop                                     
0     0000876e  __TI_decompress_none                     
0     0000877d  _system_pre_init                         
0     0000877f  _system_post_cinit                       
0     0000b0ab  Device_init                              
0     0000b0ed  Device_enableAllPeripherals              
0     0000b1d8  Device_initGPIO                          
0     0000b1f9  Device_enableUnbondedGPIOPullupsFor176Pin
0     0000b20c  Device_enableUnbondedGPIOPullupsFor100Pin
0     0000b229  Device_enableUnbondedGPIOPullups         
0     0000b23f  Device_configureTMXAnalogTrim            
0     0000b270  Device_bootCPU2                          
0     0000b3ea  __error__                                
0     0000b3f1  Example_setResultPass                    
0     0000b3f6  Example_setResultFail                    
0     0000b3fb  Example_done                             
0     0000b3fc  SysCtl_setClock                          
0     0000b744  main                                     
0     0000b78f  initADCs                                 
0     0000b7a9  initADCSOCs                              
0     0000b7c5  GPIO_setControllerCore                   
1     00000400  __stack                                  
1     000007f8  __TI_STACK_END                           
1     0000aa3c  _lock                                    
1     0000aa3e  _unlock                                  
1     0000aa40  Example_Result                           
1     0000aa42  Example_PassCount                        
1     0000aa44  Example_Fail                             
1     0000aa46  __TI_enable_exit_profile_output          
1     0000aa48  __TI_cleanup_ptr                         
1     0000aa4a  __TI_dtors_ptr                           
1     0000aa4c  adcAResult0                              
1     0000aa4d  adcAResult1                              
1     0000aa4e  adcDResult0                              
1     0000aa4f  adcDResult1                              
abs   000003f8  __TI_STACK_SIZE                          
abs   ffffffff  __TI_pprof_out_hndl                      
abs   ffffffff  __TI_prof_data_size                      
abs   ffffffff  __TI_prof_data_start                     
n/a   UNDEFED   __c_args__                               

[76 symbols]
